19:57:10 **** Incremental Build of configuration Debug for project ledswitchinterrupt ****
make -j4 all 
arm-none-eabi-gcc "../Core/Src/main.c" -mcpu=cortex-m4 -std=gnu11 -g3 -DDEBUG -DUSE_HAL_DRIVER -DSTM32F401xE -c -I../Core/Inc -I../Drivers/STM32F4xx_HAL_Driver/Inc -I../Drivers/STM32F4xx_HAL_Driver/Inc/Legacy -I../Drivers/CMSIS/Device/ST/STM32F4xx/Include -I../Drivers/CMSIS/Include -O0 -ffunction-sections -fdata-sections -Wall -fstack-usage -MMD -MP -MF"Core/Src/main.d" -MT"Core/Src/main.o" --specs=nano.specs -mfpu=fpv4-sp-d16 -mfloat-abi=hard -mthumb -o "Core/Src/main.o"
arm-none-eabi-gcc -o "ledswitchinterrupt.elf" @"objects.list"   -mcpu=cortex-m4 -T"D:\Imbrute_khaleel\STM32_Fernhill\ledswitchinterrupt\STM32F401RETX_FLASH.ld" --specs=nosys.specs -Wl,-Map="ledswitchinterrupt.map" -Wl,--gc-sections -static --specs=nano.specs -mfpu=fpv4-sp-d16 -mfloat-abi=hard -mthumb -Wl,--start-group -lc -lm -Wl,--end-group
Finished building target: ledswitchinterrupt.elf
 
arm-none-eabi-size   ledswitchinterrupt.elf 
arm-none-eabi-objdump -h -S  ledswitchinterrupt.elf  > "ledswitchinterrupt.list"
arm-none-eabi-objcopy  -O ihex  ledswitchinterrupt.elf  "ledswitchinterrupt.hex"
arm-none-eabi-objcopy  -O binary  ledswitchinterrupt.elf  "ledswitchinterrupt.bin"
   text	   data	    bss	    dec	    hex	filename
   6060	     20	   1572	   7652	   1de4	ledswitchinterrupt.elf
Finished building: default.size.stdout
 
Finished building: ledswitchinterrupt.list
Finished building: ledswitchinterrupt.hex
Finished building: ledswitchinterrupt.bin
 
 
 
